// Jest Snapshot v1, https://goo.gl/fbAQLP

exports[`Testing Default 1`] = `
{
  "msg": "Page Not Found 404",
}
`;

exports[`Testing Incorrect Hashtag 1`] = `
{
  "message": "HashTag is incorrect",
  "success": false,
}
`;
